规则版本: v2；产物目录: /home/dayin/git/bearing_detection_method/analysis/reports/audio_assets/rules_v2
manifest 共 1349 条：正常 566 / 异常 783（轴承 168 / 摩擦 426 / 其他 189；详细部位参考 86）
[进度 50/1349] 已耗时 35s，均值 0.70s/条，预计总耗时 15.8min，失败 0
[进度 100/1349] 已耗时 70s，均值 0.70s/条，预计总耗时 15.8min，失败 0
[进度 150/1349] 已耗时 106s，均值 0.70s/条，预计总耗时 15.8min，失败 0
[进度 200/1349] 已耗时 141s，均值 0.70s/条，预计总耗时 15.8min，失败 0
[进度 250/1349] 已耗时 175s，均值 0.70s/条，预计总耗时 15.7min，失败 0
[进度 300/1349] 已耗时 211s，均值 0.70s/条，预计总耗时 15.8min，失败 0
[进度 350/1349] 已耗时 246s，均值 0.70s/条，预计总耗时 15.8min，失败 0
[进度 400/1349] 已耗时 282s，均值 0.70s/条，预计总耗时 15.8min，失败 0
[进度 450/1349] 已耗时 319s，均值 0.71s/条，预计总耗时 15.9min，失败 0
[进度 500/1349] 已耗时 355s，均值 0.71s/条，预计总耗时 16.0min，失败 0
[进度 550/1349] 已耗时 390s，均值 0.71s/条，预计总耗时 16.0min，失败 0
[进度 600/1349] 已耗时 425s，均值 0.71s/条，预计总耗时 15.9min，失败 0
[进度 650/1349] 已耗时 460s，均值 0.71s/条，预计总耗时 15.9min，失败 0
[进度 700/1349] 已耗时 495s，均值 0.71s/条，预计总耗时 15.9min，失败 0
[进度 750/1349] 已耗时 531s，均值 0.71s/条，预计总耗时 15.9min，失败 0
[进度 800/1349] 已耗时 570s，均值 0.71s/条，预计总耗时 16.0min，失败 0
[进度 850/1349] 已耗时 610s，均值 0.72s/条，预计总耗时 16.1min，失败 0
[进度 900/1349] 已耗时 648s，均值 0.72s/条，预计总耗时 16.2min，失败 0
[进度 950/1349] 已耗时 687s，均值 0.72s/条，预计总耗时 16.3min，失败 0
[进度 1000/1349] 已耗时 726s，均值 0.73s/条，预计总耗时 16.3min，失败 0
[进度 1050/1349] 已耗时 763s，均值 0.73s/条，预计总耗时 16.3min，失败 0
[进度 1100/1349] 已耗时 800s，均值 0.73s/条，预计总耗时 16.4min，失败 0
[进度 1150/1349] 已耗时 839s，均值 0.73s/条，预计总耗时 16.4min，失败 0
[进度 1200/1349] 已耗时 875s，均值 0.73s/条，预计总耗时 16.4min，失败 0
[进度 1250/1349] 已耗时 909s，均值 0.73s/条，预计总耗时 16.3min，失败 0
[进度 1300/1349] 已耗时 943s，均值 0.73s/条，预计总耗时 16.3min，失败 0
[进度 1349/1349] 已耗时 976s，均值 0.72s/条，预计总耗时 16.3min，失败 0

完成 1349/1349 条，耗时 16.3 min
v2: 异常检出率 32.3%，正常误报率 2.1%，轴承全体口径(含未定位) 48.8%
输出：/home/dayin/git/bearing_detection_method/analysis/reports/audio_assets/rules_v2/results.csv
      /home/dayin/git/bearing_detection_method/analysis/reports/audio_assets/rules_v2/eval_detail.json
      /home/dayin/git/bearing_detection_method/analysis/reports/audio_assets/rules_v2/规则V2对照报告.md
      /home/dayin/git/bearing_detection_method/analysis/reports/audio_assets/rules_v2/figures/
