引擎: bearing_unified.diagnose（FIELD7 @ (1100.0, 1200.0)）
manifest 共 1349 条：正常 566 / 异常 783（轴承 168 / 摩擦 426 / 其他 189）
[进度 50/1349] 已耗时 36s，均值 0.73s/条，预计总耗时 16.3min，失败 0
[进度 100/1349] 已耗时 73s，均值 0.73s/条，预计总耗时 16.4min，失败 0
[进度 150/1349] 已耗时 109s，均值 0.73s/条，预计总耗时 16.3min，失败 0
[进度 200/1349] 已耗时 145s，均值 0.72s/条，预计总耗时 16.3min，失败 0
[进度 250/1349] 已耗时 180s，均值 0.72s/条，预计总耗时 16.2min，失败 0
[进度 300/1349] 已耗时 217s，均值 0.72s/条，预计总耗时 16.2min，失败 0
[进度 350/1349] 已耗时 254s，均值 0.72s/条，预计总耗时 16.3min，失败 0
[进度 400/1349] 已耗时 290s，均值 0.72s/条，预计总耗时 16.3min，失败 0
[进度 450/1349] 已耗时 326s，均值 0.73s/条，预计总耗时 16.3min，失败 0
[进度 500/1349] 已耗时 364s，均值 0.73s/条，预计总耗时 16.4min，失败 0
[进度 550/1349] 已耗时 400s，均值 0.73s/条，预计总耗时 16.3min，失败 0
[进度 600/1349] 已耗时 436s，均值 0.73s/条，预计总耗时 16.3min，失败 0
[进度 650/1349] 已耗时 472s，均值 0.73s/条，预计总耗时 16.3min，失败 0
[进度 700/1349] 已耗时 508s，均值 0.73s/条，预计总耗时 16.3min，失败 0
[进度 750/1349] 已耗时 544s，均值 0.73s/条，预计总耗时 16.3min，失败 0
[进度 800/1349] 已耗时 579s，均值 0.72s/条，预计总耗时 16.3min，失败 0
[进度 850/1349] 已耗时 615s，均值 0.72s/条，预计总耗时 16.3min，失败 0
[进度 900/1349] 已耗时 651s，均值 0.72s/条，预计总耗时 16.3min，失败 0
[进度 950/1349] 已耗时 686s，均值 0.72s/条，预计总耗时 16.2min，失败 0
[进度 1000/1349] 已耗时 722s，均值 0.72s/条，预计总耗时 16.2min，失败 0
[进度 1050/1349] 已耗时 761s，均值 0.73s/条，预计总耗时 16.3min，失败 0
[进度 1100/1349] 已耗时 806s，均值 0.73s/条，预计总耗时 16.5min，失败 0
[进度 1150/1349] 已耗时 848s，均值 0.74s/条，预计总耗时 16.6min，失败 0
[进度 1200/1349] 已耗时 882s，均值 0.73s/条，预计总耗时 16.5min，失败 0
[进度 1250/1349] 已耗时 921s，均值 0.74s/条，预计总耗时 16.6min，失败 0
[进度 1300/1349] 已耗时 960s，均值 0.74s/条，预计总耗时 16.6min，失败 0
[进度 1349/1349] 已耗时 1001s，均值 0.74s/条，预计总耗时 16.7min，失败 0

完成 1349/1349 条，耗时 16.7 min
正常误报率 2.1%（门槛 ≤2.1%）| 异常检出率 32.3%
轴承全体口径（含未定位）48.8%（门槛 ≥48.8%）| 摩擦全体口径 13.8%（门槛 ≥15.5%）
输出：/home/dayin/git/bearing_detection_method/analysis/reports/audio_assets/unified/results.csv
      /home/dayin/git/bearing_detection_method/analysis/reports/audio_assets/unified/eval_detail.json
      /home/dayin/git/bearing_detection_method/analysis/reports/audio_assets/unified/figures/
