manifest 共 1349 条：正常 566 / 异常 783（轴承 168 / 摩擦 426 / 其他 189；详细部位参考 86）
[进度 50/1349] 已耗时 39s，均值 0.78s/条，预计总耗时 17.5min，失败 0
[进度 100/1349] 已耗时 80s，均值 0.80s/条，预计总耗时 18.0min，失败 0
[进度 150/1349] 已耗时 119s，均值 0.80s/条，预计总耗时 17.9min，失败 0
[进度 200/1349] 已耗时 159s，均值 0.79s/条，预计总耗时 17.8min，失败 0
[进度 250/1349] 已耗时 197s，均值 0.79s/条，预计总耗时 17.7min，失败 0
[进度 300/1349] 已耗时 235s，均值 0.78s/条，预计总耗时 17.6min，失败 0
[进度 350/1349] 已耗时 274s，均值 0.78s/条，预计总耗时 17.6min，失败 0
[进度 400/1349] 已耗时 313s，均值 0.78s/条，预计总耗时 17.6min，失败 0
[进度 450/1349] 已耗时 354s，均值 0.79s/条，预计总耗时 17.7min，失败 0
[进度 500/1349] 已耗时 393s，均值 0.79s/条，预计总耗时 17.7min，失败 0
[进度 550/1349] 已耗时 432s，均值 0.79s/条，预计总耗时 17.7min，失败 0
[进度 600/1349] 已耗时 471s，均值 0.79s/条，预计总耗时 17.7min，失败 0
[进度 650/1349] 已耗时 510s，均值 0.78s/条，预计总耗时 17.6min，失败 0
[进度 700/1349] 已耗时 549s，均值 0.78s/条，预计总耗时 17.6min，失败 0
[进度 750/1349] 已耗时 589s，均值 0.79s/条，预计总耗时 17.7min，失败 0
[进度 800/1349] 已耗时 627s，均值 0.78s/条，预计总耗时 17.6min，失败 0
[进度 850/1349] 已耗时 665s，均值 0.78s/条，预计总耗时 17.6min，失败 0
[进度 900/1349] 已耗时 705s，均值 0.78s/条，预计总耗时 17.6min，失败 0
[进度 950/1349] 已耗时 745s，均值 0.78s/条，预计总耗时 17.6min，失败 0
[进度 1000/1349] 已耗时 792s，均值 0.79s/条，预计总耗时 17.8min，失败 0
[进度 1050/1349] 已耗时 834s，均值 0.79s/条，预计总耗时 17.9min，失败 0
[进度 1100/1349] 已耗时 874s，均值 0.79s/条，预计总耗时 17.9min，失败 0
[进度 1150/1349] 已耗时 921s，均值 0.80s/条，预计总耗时 18.0min，失败 0
[进度 1200/1349] 已耗时 969s，均值 0.81s/条，预计总耗时 18.2min，失败 0
[进度 1250/1349] 已耗时 1017s，均值 0.81s/条，预计总耗时 18.3min，失败 0
[进度 1300/1349] 已耗时 1067s，均值 0.82s/条，预计总耗时 18.5min，失败 0
[进度 1349/1349] 已耗时 1114s，均值 0.83s/条，预计总耗时 18.6min，失败 0

完成 1349/1349 条，耗时 18.6 min
p99: 异常检出率 9.3%，正常误报率 1.1%
输出：/home/dayin/git/bearing_detection_method/analysis/reports/audio_assets/results.csv
      /home/dayin/git/bearing_detection_method/analysis/reports/audio_assets/eval_detail.json
      /home/dayin/git/bearing_detection_method/analysis/reports/audio_assets/音频资产库评测报告.md
      /home/dayin/git/bearing_detection_method/analysis/reports/audio_assets/figures/
